2025-08-30 18:29:54 - logGUI - INFO - init GUI[0m
2025-08-30 18:29:55 - logCamera - INFO - Init constructor RunCamera[0m
2025-08-30 18:29:56 - logCamera - INFO - Creating Thread in start camera[0m
2025-08-30 18:29:59 - logCamera - WARNING - Frame vacío en RunCamera.get()[0m
2025-08-30 18:30:11 - logGUI - INFO - init GUI[0m
2025-08-30 18:30:12 - logCamera - INFO - Init constructor RunCamera[0m
2025-08-30 18:30:13 - logCamera - INFO - Creating Thread in start camera[0m
2025-08-30 18:30:16 - logCamera - WARNING - Frame vacío en RunCamera.get()[0m
2025-08-30 18:32:26 - logGUI - INFO - init GUI[0m
2025-08-30 18:32:28 - logCamera - INFO - Init constructor RunCamera[0m
2025-08-30 18:32:29 - logCamera - INFO - Creating Thread in start camera[0m
2025-08-30 18:32:32 - logCamera - WARNING - Frame vacío en RunCamera.get()[0m
2025-08-30 18:32:49 - logGUI - INFO - init GUI[0m
2025-08-30 18:32:50 - logCamera - INFO - Init constructor RunCamera[0m
2025-08-30 18:32:51 - logCamera - INFO - Creating Thread in start camera[0m
2025-08-30 18:32:54 - logCamera - WARNING - Frame vacío en RunCamera.get() o video terminado[0m
2025-09-05 22:01:56 - logGUI - INFO - init GUI[0m
2025-09-05 22:01:58 - logCamera - INFO - Init constructor RunCamera[0m
2025-09-05 22:01:59 - logCamera - INFO - Creating Thread in start camera[0m
2025-09-05 22:02:02 - logCamera - WARNING - Frame vacío en RunCamera.get() o video terminado[0m
2026-05-02 22:33:55 - logGUI - INFO - init GUI[0m
2026-05-02 22:36:06 - logGUI - INFO - init GUI[0m
2026-05-02 22:36:27 - logGUI - INFO - init GUI[0m
2026-05-02 22:37:13 - logGUI - INFO - init GUI[0m
2026-05-02 22:38:07 - logGUI - INFO - init GUI[0m
2026-05-02 22:38:33 - logGUI - INFO - init GUI[0m
2026-05-02 22:39:08 - logGUI - INFO - init GUI[0m
2026-05-02 22:39:35 - logGUI - INFO - init GUI[0m
2026-05-02 22:40:01 - logCamera - INFO - Init constructor RunCamera[0m
2026-05-02 22:40:09 - logCamera - INFO - Creating Thread in start camera[0m
2026-05-02 22:40:09 - logCamera - INFO - Init constructor RunCamera[0m
2026-05-02 22:40:16 - logCamera - INFO - Creating Thread in start camera[0m
2026-05-02 22:41:38 - logGUI - INFO - init GUI[0m
2026-05-02 22:46:38 - logGUI - INFO - init GUI[0m
2026-05-02 22:46:57 - logGUI - INFO - init GUI[0m
2026-05-02 22:48:43 - logGUI - INFO - init GUI[0m
2026-05-02 22:53:15 - logGUI - INFO - init GUI[0m
2026-05-02 22:56:14 - logGUI - INFO - init GUI[0m
2026-05-02 23:15:04 - logGUI - INFO - init GUI[0m
2026-05-02 23:27:25 - logGUI - INFO - init GUI[0m
2026-05-02 23:28:27 - logGUI - INFO - init GUI[0m
2026-05-02 23:30:16 - logGUI - INFO - init GUI[0m
2026-05-02 23:30:31 - logGUI - INFO - init GUI[0m
2026-05-02 23:31:09 - logGUI - INFO - init GUI[0m
2026-05-02 23:32:28 - logGUI - INFO - init GUI[0m
2026-05-02 23:32:52 - logGUI - INFO - init GUI[0m
2026-05-02 23:34:13 - logGUI - INFO - init GUI[0m
2026-05-02 23:35:01 - logGUI - INFO - init GUI[0m
2026-05-02 23:35:34 - logGUI - INFO - init GUI[0m
2026-05-02 23:38:26 - logGUI - INFO - init GUI[0m
2026-05-02 23:39:05 - logGUI - INFO - init GUI[0m
2026-05-02 23:39:23 - logGUI - INFO - init GUI[0m
2026-05-02 23:40:13 - logGUI - INFO - init GUI[0m
2026-05-02 23:41:51 - logGUI - INFO - init GUI[0m
2026-05-02 23:42:32 - logGUI - INFO - init GUI[0m
2026-05-02 23:43:09 - logGUI - INFO - init GUI[0m
2026-05-02 23:45:09 - logGUI - INFO - init GUI[0m
2026-05-02 23:48:05 - logGUI - INFO - init GUI[0m
2026-05-02 23:48:57 - logGUI - INFO - init GUI[0m
2026-05-02 23:49:14 - logGUI - INFO - init GUI[0m
2026-05-02 23:50:23 - logGUI - INFO - init GUI[0m
2026-05-02 23:50:52 - logGUI - INFO - init GUI[0m
2026-05-02 23:51:16 - logGUI - INFO - init GUI[0m
2026-05-02 23:51:59 - logGUI - INFO - init GUI[0m
2026-05-02 23:52:44 - logGUI - INFO - init GUI[0m
2026-05-02 23:53:21 - logGUI - INFO - init GUI[0m
2026-05-02 23:53:38 - logGUI - INFO - init GUI[0m
2026-05-02 23:53:48 - logGUI - INFO - init GUI[0m
2026-05-02 23:54:24 - logGUI - INFO - init GUI[0m
2026-05-02 23:54:44 - logGUI - INFO - init GUI[0m
2026-05-02 23:56:30 - logGUI - INFO - init GUI[0m
2026-05-02 23:57:07 - logGUI - INFO - init GUI[0m
2026-05-02 23:57:28 - logGUI - INFO - init GUI[0m
2026-05-02 23:58:45 - logGUI - INFO - init GUI[0m
2026-05-02 23:59:31 - logGUI - INFO - init GUI[0m
2026-05-03 00:00:13 - logGUI - INFO - init GUI[0m
2026-05-03 00:00:29 - logGUI - INFO - init GUI[0m
2026-05-03 00:00:49 - logGUI - INFO - init GUI[0m
2026-05-03 00:02:02 - logGUI - INFO - init GUI[0m
2026-05-03 00:02:11 - logGUI - INFO - init GUI[0m
2026-05-03 00:02:31 - logGUI - INFO - init GUI[0m
2026-05-03 00:02:59 - logGUI - INFO - init GUI[0m
2026-05-03 00:03:57 - logGUI - INFO - init GUI[0m
2026-05-03 00:04:38 - logGUI - INFO - init GUI[0m
2026-05-03 00:05:19 - logGUI - INFO - init GUI[0m
2026-05-03 00:06:05 - logGUI - INFO - init GUI[0m
2026-05-03 00:07:02 - logGUI - INFO - init GUI[0m
2026-05-03 00:07:39 - logGUI - INFO - init GUI[0m
2026-05-03 00:08:42 - logGUI - INFO - init GUI[0m
2026-05-03 00:10:11 - logGUI - INFO - init GUI[0m
2026-05-03 00:10:44 - logGUI - INFO - init GUI[0m
2026-05-03 00:11:08 - logGUI - INFO - init GUI[0m
2026-05-03 00:11:27 - logGUI - INFO - init GUI[0m
2026-05-03 00:11:43 - logGUI - INFO - init GUI[0m
2026-05-03 00:11:51 - logGUI - INFO - init GUI[0m
2026-05-03 00:12:33 - logGUI - INFO - init GUI[0m
2026-05-03 00:12:51 - logGUI - INFO - init GUI[0m
2026-05-03 00:14:01 - logGUI - INFO - init GUI[0m
2026-05-03 00:21:17 - logGUI - INFO - init GUI[0m
2026-05-03 00:28:00 - logGUI - INFO - init GUI[0m
2026-05-03 00:28:40 - logGUI - INFO - init GUI[0m
2026-05-03 00:29:21 - logGUI - INFO - init GUI[0m
2026-05-03 00:29:35 - logGUI - INFO - init GUI[0m
2026-05-03 00:29:54 - logGUI - INFO - init GUI[0m
2026-05-03 00:30:23 - logGUI - INFO - init GUI[0m
2026-05-03 10:19:04 - logGUI - INFO - init GUI[0m
2026-05-03 10:20:32 - logGUI - INFO - init GUI[0m
2026-05-03 10:22:08 - logGUI - INFO - init GUI[0m
2026-05-03 10:25:34 - logGUI - INFO - init GUI[0m
2026-05-03 10:25:34 - logCamera - INFO - Init constructor RunCamera[0m
2026-05-03 10:25:40 - logCamera - INFO - Creating Thread in start camera[0m
2026-05-03 10:58:42 - logGUI - INFO - init GUI[0m
2026-05-03 10:58:42 - logCamera - INFO - Init constructor RunCamera[0m
2026-05-03 10:58:49 - logCamera - INFO - Creating Thread in start camera[0m
2026-05-03 11:00:44 - logGUI - INFO - init GUI[0m
2026-05-03 11:00:44 - logCamera - INFO - Init constructor RunCamera[0m
2026-05-03 11:00:50 - logCamera - INFO - Creating Thread in start camera[0m
2026-05-03 11:01:26 - logGUI - INFO - init GUI[0m
2026-05-03 11:01:26 - logCamera - INFO - Init constructor RunCamera[0m
2026-05-03 11:01:32 - logCamera - INFO - Creating Thread in start camera[0m
2026-05-03 11:01:53 - logGUI - INFO - init GUI[0m
2026-05-03 11:01:53 - logCamera - INFO - Init constructor RunCamera[0m
2026-05-03 11:01:58 - logCamera - INFO - Creating Thread in start camera[0m
2026-05-03 11:10:27 - logGUI - INFO - init GUI[0m
2026-05-03 11:10:27 - logCamera - INFO - Init constructor RunCamera[0m
2026-05-03 11:10:32 - logCamera - INFO - Creating Thread in start camera[0m
2026-05-03 11:17:36 - logGUI - INFO - init GUI[0m
2026-05-03 11:17:36 - logCamera - INFO - Init constructor RunCamera[0m
2026-05-03 11:17:45 - logCamera - INFO - Creating Thread in start camera[0m
2026-05-03 11:18:49 - logGUI - INFO - init GUI[0m
2026-05-03 11:18:49 - logCamera - INFO - Init constructor RunCamera[0m
2026-05-03 11:18:56 - logCamera - INFO - Creating Thread in start camera[0m
2026-05-03 11:23:36 - logGUI - INFO - init GUI[0m
2026-05-03 11:23:36 - logCamera - INFO - Init constructor RunCamera[0m
2026-05-03 11:23:44 - logCamera - INFO - Creating Thread in start camera[0m
2026-05-03 11:28:13 - logGUI - INFO - init GUI[0m
2026-05-03 11:28:13 - logCamera - INFO - Init constructor RunCamera[0m
2026-05-03 11:28:18 - logCamera - INFO - Creating Thread in start camera[0m
2026-05-03 11:36:35 - logGUI - INFO - init GUI[0m
2026-05-03 11:36:35 - logCamera - INFO - Init constructor RunCamera[0m
2026-05-03 11:36:43 - logCamera - INFO - Creating Thread in start camera[0m
2026-05-03 11:59:08 - logGUI - INFO - init GUI[0m
2026-05-03 11:59:08 - logCamera - INFO - Init constructor RunCamera[0m
2026-05-03 11:59:17 - logCamera - INFO - Creating Thread in start camera[0m
2026-05-03 18:20:54 - logGUI - INFO - init GUI[0m
2026-05-03 18:20:54 - logCamera - INFO - Init constructor RunCamera[0m
2026-05-03 18:21:05 - logCamera - INFO - Creating Thread in start camera[0m
2026-05-03 19:08:16 - logGUI - INFO - init GUI[0m
2026-05-03 19:08:16 - logCamera - INFO - Init constructor RunCamera[0m
2026-05-03 19:08:28 - logCamera - INFO - Creating Thread in start camera[0m
2026-05-03 19:11:58 - logGUI - INFO - init GUI[0m
2026-05-03 19:11:58 - logCamera - INFO - Init constructor RunCamera[0m
2026-05-03 19:12:08 - logCamera - INFO - Creating Thread in start camera[0m
2026-05-17 14:42:12 - logGUI - INFO - init GUI[0m
2026-05-17 14:42:12 - logCamera - INFO - Init constructor RunCamera[0m
2026-05-17 14:42:23 - logCamera - INFO - Creating Thread in start camera[0m
2026-05-17 14:44:12 - logGUI - INFO - init GUI[0m
2026-05-17 14:44:12 - logCamera - INFO - Init constructor RunCamera[0m
2026-05-17 14:44:17 - logCamera - INFO - Creating Thread in start camera[0m
2026-05-17 14:44:38 - logGUI - INFO - init GUI[0m
2026-05-17 14:44:38 - logCamera - INFO - Init constructor RunCamera[0m
2026-05-17 14:44:43 - logCamera - INFO - Creating Thread in start camera[0m
2026-05-17 14:52:59 - logGUI - INFO - init GUI[0m
2026-05-17 14:52:59 - logCamera - INFO - Init constructor RunCamera[0m
2026-05-17 14:53:04 - logCamera - INFO - Creating Thread in start camera[0m
2026-05-17 14:59:27 - logGUI - INFO - init GUI[0m
2026-05-17 14:59:27 - logCamera - INFO - Init constructor RunCamera[0m
2026-05-17 14:59:35 - logCamera - INFO - Creating Thread in start camera[0m
2026-05-17 15:03:37 - logGUI - INFO - init GUI[0m
2026-05-17 15:03:37 - logCamera - INFO - Init constructor RunCamera[0m
2026-05-17 15:03:42 - logCamera - INFO - Creating Thread in start camera[0m
2026-05-18 18:12:11 - logGUI - INFO - init GUI[0m
2026-05-18 18:12:11 - logCamera - INFO - Init constructor RunCamera[0m
2026-05-18 18:12:26 - logCamera - INFO - Creating Thread in start camera[0m
2026-05-18 18:16:44 - logGUI - INFO - init GUI[0m
2026-05-18 18:16:44 - logCamera - INFO - Init constructor RunCamera[0m
2026-05-18 18:16:49 - logCamera - INFO - Creating Thread in start camera[0m
2026-05-18 18:29:24 - logGUI - INFO - init GUI[0m
2026-05-18 18:29:24 - logCamera - INFO - Init constructor RunCamera[0m
2026-05-18 18:29:32 - logCamera - INFO - Creating Thread in start camera[0m
2026-05-18 18:36:20 - logGUI - INFO - init GUI[0m
2026-05-18 18:36:20 - logCamera - INFO - Init constructor RunCamera[0m
2026-05-18 18:36:27 - logCamera - INFO - Creating Thread in start camera[0m
2026-05-18 21:31:53 - logGUI - INFO - init GUI[0m
2026-05-18 21:31:53 - logCamera - INFO - Init constructor RunCamera[0m
2026-05-18 21:33:04 - logGUI - INFO - init GUI[0m
2026-05-18 21:33:04 - logCamera - INFO - Init constructor RunCamera[0m
2026-05-18 21:33:10 - logCamera - INFO - Creating Thread in start camera[0m
2026-05-18 22:12:06 - logGUI - INFO - init GUI[0m
2026-05-18 22:12:06 - logCamera - INFO - Init constructor RunCamera[0m
2026-05-18 22:12:12 - logCamera - INFO - Creating Thread in start camera[0m
2026-05-18 22:13:16 - logGUI - INFO - init GUI[0m
2026-05-18 22:13:16 - logCamera - INFO - Init constructor RunCamera[0m
2026-05-18 22:13:21 - logCamera - INFO - Creating Thread in start camera[0m
2026-05-18 22:14:31 - logGUI - INFO - init GUI[0m
2026-05-18 22:14:31 - logCamera - INFO - Init constructor RunCamera[0m
2026-05-18 22:14:36 - logCamera - INFO - Creating Thread in start camera[0m
2026-05-18 22:27:43 - logGUI - INFO - init GUI[0m
2026-05-18 22:27:43 - logCamera - INFO - Init constructor RunCamera[0m
2026-05-18 22:27:44 - logCamera - INFO - Creating Thread in start camera[0m
2026-05-18 22:28:59 - logGUI - INFO - init GUI[0m
2026-05-18 22:28:59 - logCamera - INFO - Init constructor RunCamera[0m
2026-05-18 22:29:00 - logCamera - INFO - Creating Thread in start camera[0m
2026-05-18 23:25:41 - logGUI - INFO - init GUI[0m
2026-05-18 23:25:41 - logCamera - INFO - Init constructor RunCamera[0m
2026-05-18 23:25:43 - logCamera - INFO - Creating Thread in start camera[0m
2026-05-18 23:27:54 - logGUI - INFO - init GUI[0m
2026-05-18 23:27:54 - logCamera - INFO - Init constructor RunCamera[0m
2026-05-18 23:27:55 - logCamera - INFO - Creating Thread in start camera[0m
2026-05-22 13:17:11 - logGUI - INFO - init GUI[0m
2026-05-22 13:17:11 - logCamera - INFO - Init constructor RunCamera[0m
2026-05-22 13:17:13 - logCamera - INFO - Creating Thread in start camera[0m
2026-05-22 13:41:35 - logGUI - INFO - init GUI[0m
2026-05-22 13:41:35 - logCamera - INFO - Init constructor RunCamera[0m
2026-05-22 13:41:36 - logCamera - INFO - Creating Thread in start camera[0m
2026-05-22 13:44:04 - logGUI - INFO - init GUI[0m
2026-05-22 13:44:04 - logCamera - INFO - Init constructor RunCamera[0m
2026-05-22 13:44:05 - logCamera - INFO - Creating Thread in start camera[0m
2026-05-22 13:47:05 - logGUI - INFO - init GUI[0m
2026-05-22 13:47:05 - logCamera - INFO - Init constructor RunCamera[0m
2026-05-22 13:47:06 - logCamera - INFO - Creating Thread in start camera[0m
2026-05-22 13:51:12 - logGUI - INFO - init GUI[0m
2026-05-22 13:51:12 - logCamera - INFO - Init constructor RunCamera[0m
2026-05-22 13:51:13 - logCamera - INFO - Creating Thread in start camera[0m
2026-05-22 15:02:39 - logGUI - INFO - init GUI[0m
2026-05-22 15:02:39 - logCamera - INFO - Init constructor RunCamera[0m
2026-05-22 15:02:40 - logCamera - INFO - Creating Thread in start camera[0m
2026-05-22 15:09:30 - logGUI - INFO - init GUI[0m
2026-05-22 15:09:30 - logCamera - INFO - Init constructor RunCamera[0m
2026-05-22 15:09:32 - logCamera - INFO - Creating Thread in start camera[0m
2026-05-22 15:19:09 - logGUI - INFO - init GUI[0m
2026-05-22 15:19:09 - logCamera - INFO - Init constructor RunCamera[0m
2026-05-22 15:19:10 - logCamera - INFO - Creating Thread in start camera[0m
2026-05-22 15:38:44 - logGUI - INFO - init GUI[0m
2026-05-22 15:38:44 - logCamera - INFO - Init constructor RunCamera[0m
2026-05-22 15:38:45 - logCamera - INFO - Creating Thread in start camera[0m
2026-05-22 18:26:35 - logGUI - INFO - init GUI[0m
2026-05-22 18:26:35 - logCamera - INFO - Init constructor RunCamera[0m
2026-05-22 18:26:36 - logCamera - INFO - Creating Thread in start camera[0m
2026-05-22 18:28:27 - logGUI - INFO - init GUI[0m
2026-05-22 18:28:27 - logCamera - INFO - Init constructor RunCamera[0m
2026-05-22 18:28:28 - logCamera - INFO - Creating Thread in start camera[0m
2026-05-22 18:57:40 - logGUI - INFO - init GUI[0m
2026-05-22 18:57:40 - logCamera - INFO - Init constructor RunCamera[0m
2026-05-22 18:57:42 - logCamera - INFO - Creating Thread in start camera[0m
2026-05-22 19:03:46 - logGUI - INFO - init GUI[0m
2026-05-22 19:03:46 - logCamera - INFO - Init constructor RunCamera[0m
2026-05-22 19:03:47 - logCamera - INFO - Creating Thread in start camera[0m
2026-05-22 19:19:08 - logGUI - INFO - init GUI[0m
2026-05-22 19:19:08 - logCamera - INFO - Init constructor RunCamera[0m
2026-05-22 19:19:09 - logCamera - INFO - Creating Thread in start camera[0m
2026-05-22 19:19:43 - logGUI - INFO - init GUI[0m
2026-05-22 19:19:43 - logCamera - INFO - Init constructor RunCamera[0m
2026-05-22 19:19:44 - logCamera - INFO - Creating Thread in start camera[0m
2026-05-22 20:24:50 - logGUI - INFO - init GUI[0m
2026-05-22 20:24:50 - logCamera - INFO - Init constructor RunCamera[0m
2026-05-22 20:24:52 - logCamera - INFO - Creating Thread in start camera[0m
2026-05-22 20:57:32 - logGUI - INFO - init GUI[0m
2026-05-22 20:57:32 - logCamera - INFO - Init constructor RunCamera[0m
2026-05-22 20:57:33 - logCamera - INFO - Creating Thread in start camera[0m
2026-05-22 21:25:36 - logGUI - INFO - init GUI[0m
2026-05-22 21:25:36 - logCamera - INFO - Init constructor RunCamera[0m
2026-05-22 21:25:37 - logCamera - INFO - Creating Thread in start camera[0m
2026-05-22 21:46:17 - logGUI - INFO - init GUI[0m
2026-05-22 21:46:17 - logCamera - INFO - Init constructor RunCamera[0m
2026-05-22 21:46:18 - logCamera - INFO - Creating Thread in start camera[0m
2026-05-22 22:27:21 - logGUI - INFO - init GUI[0m
2026-05-22 22:27:21 - logCamera - INFO - Init constructor RunCamera[0m
2026-05-22 22:27:22 - logCamera - INFO - Creating Thread in start camera[0m
2026-05-22 22:41:20 - logGUI - INFO - init GUI[0m
2026-05-22 22:41:20 - logCamera - INFO - Init constructor RunCamera[0m
2026-05-22 22:41:21 - logCamera - INFO - Creating Thread in start camera[0m
2026-05-22 22:49:54 - logGUI - INFO - init GUI[0m
2026-05-22 22:49:54 - logCamera - INFO - Init constructor RunCamera[0m
2026-05-22 22:49:55 - logCamera - INFO - Creating Thread in start camera[0m
2026-05-22 23:12:14 - logGUI - INFO - init GUI[0m
2026-05-22 23:12:14 - logCamera - INFO - Init constructor RunCamera[0m
2026-05-22 23:12:15 - logCamera - INFO - Creating Thread in start camera[0m
2026-05-22 23:21:15 - logGUI - INFO - init GUI[0m
2026-05-22 23:21:15 - logCamera - INFO - Init constructor RunCamera[0m
2026-05-22 23:21:16 - logCamera - INFO - Creating Thread in start camera[0m
2026-05-22 23:27:32 - logGUI - INFO - init GUI[0m
2026-05-22 23:27:32 - logCamera - INFO - Init constructor RunCamera[0m
2026-05-22 23:27:33 - logCamera - INFO - Creating Thread in start camera[0m
2026-05-22 23:33:14 - logGUI - INFO - init GUI[0m
2026-05-22 23:33:14 - logCamera - INFO - Init constructor RunCamera[0m
2026-05-22 23:33:15 - logCamera - INFO - Creating Thread in start camera[0m
2026-05-23 00:05:25 - logGUI - INFO - init GUI[0m
2026-05-23 00:05:25 - logCamera - INFO - Init constructor RunCamera[0m
2026-05-23 00:05:27 - logCamera - INFO - Creating Thread in start camera[0m
2026-05-23 00:07:00 - logGUI - INFO - init GUI[0m
2026-05-23 00:07:00 - logCamera - INFO - Init constructor RunCamera[0m
2026-05-23 00:07:01 - logCamera - INFO - Creating Thread in start camera[0m
2026-05-23 00:10:41 - logGUI - INFO - init GUI[0m
2026-05-23 00:10:41 - logCamera - INFO - Init constructor RunCamera[0m
2026-05-23 00:10:42 - logCamera - INFO - Creating Thread in start camera[0m
2026-05-23 00:14:34 - logGUI - INFO - init GUI[0m
2026-05-23 00:14:34 - logCamera - INFO - Init constructor RunCamera[0m
2026-05-23 00:14:35 - logCamera - INFO - Creating Thread in start camera[0m
2026-05-23 00:23:46 - logGUI - INFO - init GUI[0m
2026-05-23 00:23:46 - logCamera - INFO - Init constructor RunCamera[0m
2026-05-23 00:23:47 - logCamera - INFO - Creating Thread in start camera[0m
2026-05-23 00:24:08 - logGUI - INFO - init GUI[0m
2026-05-23 00:24:08 - logCamera - INFO - Init constructor RunCamera[0m
2026-05-23 00:24:09 - logCamera - INFO - Creating Thread in start camera[0m
2026-05-23 00:24:57 - logGUI - INFO - init GUI[0m
2026-05-23 00:24:57 - logCamera - INFO - Init constructor RunCamera[0m
2026-05-23 00:24:58 - logCamera - INFO - Creating Thread in start camera[0m
2026-05-23 00:25:22 - logGUI - INFO - init GUI[0m
2026-05-23 00:25:22 - logCamera - INFO - Init constructor RunCamera[0m
2026-05-23 00:25:23 - logCamera - INFO - Creating Thread in start camera[0m
2026-05-23 00:25:40 - logGUI - INFO - init GUI[0m
2026-05-23 00:25:40 - logCamera - INFO - Init constructor RunCamera[0m
2026-05-23 00:25:41 - logCamera - INFO - Creating Thread in start camera[0m
2026-05-23 00:26:15 - logGUI - INFO - init GUI[0m
2026-05-23 00:26:15 - logCamera - INFO - Init constructor RunCamera[0m
2026-05-23 00:26:16 - logCamera - INFO - Creating Thread in start camera[0m
2026-05-23 00:26:26 - logGUI - INFO - init GUI[0m
2026-05-23 00:26:26 - logCamera - INFO - Init constructor RunCamera[0m
2026-05-23 00:26:27 - logCamera - INFO - Creating Thread in start camera[0m
2026-05-23 00:27:32 - logGUI - INFO - init GUI[0m
2026-05-23 00:27:32 - logCamera - INFO - Init constructor RunCamera[0m
2026-05-23 00:27:33 - logCamera - INFO - Creating Thread in start camera[0m
2026-05-23 00:35:14 - logGUI - INFO - init GUI[0m
2026-05-23 00:35:14 - logCamera - INFO - Init constructor RunCamera[0m
2026-05-23 00:35:15 - logCamera - INFO - Creating Thread in start camera[0m
2026-05-24 19:28:13 - logGUI - INFO - init GUI[0m
2026-05-24 19:28:13 - logCamera - INFO - Init constructor RunCamera[0m
2026-05-24 19:28:14 - logCamera - INFO - Creating Thread in start camera[0m
2026-05-24 19:28:46 - logGUI - INFO - init GUI[0m
2026-05-24 19:28:46 - logCamera - INFO - Init constructor RunCamera[0m
2026-05-24 19:28:47 - logCamera - INFO - Creating Thread in start camera[0m
2026-05-24 19:36:18 - logGUI - INFO - init GUI[0m
2026-05-24 19:36:18 - logCamera - INFO - Init constructor RunCamera[0m
2026-05-24 19:36:19 - logCamera - INFO - Creating Thread in start camera[0m
2026-05-24 19:50:43 - logGUI - INFO - init GUI[0m
2026-05-24 19:50:43 - logCamera - INFO - Init constructor RunCamera[0m
2026-05-24 19:50:44 - logCamera - INFO - Creating Thread in start camera[0m
2026-05-24 20:27:27 - logGUI - INFO - init GUI[0m
2026-05-24 20:27:27 - logCamera - INFO - Init constructor RunCamera[0m
2026-05-24 20:27:28 - logCamera - INFO - Creating Thread in start camera[0m
2026-05-24 20:36:06 - logGUI - INFO - init GUI[0m
2026-05-24 20:36:06 - logCamera - INFO - Init constructor RunCamera[0m
2026-05-24 20:36:08 - logCamera - INFO - Creating Thread in start camera[0m
2026-05-24 20:41:27 - logGUI - INFO - init GUI[0m
2026-05-24 20:41:27 - logCamera - INFO - Init constructor RunCamera[0m
2026-05-24 20:41:29 - logCamera - INFO - Creating Thread in start camera[0m
2026-05-24 22:12:51 - logGUI - INFO - init GUI[0m
2026-05-24 22:12:51 - logCamera - INFO - Init constructor RunCamera[0m
2026-05-24 22:12:52 - logCamera - INFO - Creating Thread in start camera[0m
2026-05-24 23:58:17 - logGUI - INFO - init GUI[0m
2026-05-24 23:58:17 - logCamera - INFO - Init constructor RunCamera[0m
2026-05-24 23:58:19 - logCamera - INFO - Creating Thread in start camera[0m
2026-05-25 00:00:42 - logGUI - INFO - init GUI[0m
2026-05-25 00:00:42 - logCamera - INFO - Init constructor RunCamera[0m
2026-05-25 00:00:44 - logCamera - INFO - Creating Thread in start camera[0m
2026-05-25 00:11:43 - logGUI - INFO - init GUI[0m
2026-05-25 00:11:43 - logCamera - INFO - Init constructor RunCamera[0m
2026-05-25 00:11:44 - logCamera - INFO - Creating Thread in start camera[0m
2026-05-25 00:15:35 - logGUI - INFO - init GUI[0m
2026-05-25 00:15:35 - logCamera - INFO - Init constructor RunCamera[0m
2026-05-25 00:15:36 - logCamera - INFO - Creating Thread in start camera[0m
2026-05-25 00:18:09 - logGUI - INFO - init GUI[0m
2026-05-25 00:18:09 - logCamera - INFO - Init constructor RunCamera[0m
2026-05-25 00:18:10 - logCamera - INFO - Creating Thread in start camera[0m
2026-05-25 11:33:36 - logGUI - INFO - init GUI[0m
2026-05-25 11:33:36 - logCamera - INFO - Init constructor RunCamera[0m
2026-05-25 11:33:37 - logCamera - INFO - Creating Thread in start camera[0m
2026-05-25 16:13:25 - logGUI - INFO - init GUI[0m
2026-05-25 16:13:25 - logCamera - INFO - Init constructor RunCamera[0m
2026-05-25 16:13:26 - logCamera - INFO - Creating Thread in start camera[0m
2026-05-25 16:14:45 - logGUI - INFO - init GUI[0m
2026-05-25 16:14:45 - logCamera - INFO - Init constructor RunCamera[0m
2026-05-25 16:14:46 - logCamera - INFO - Creating Thread in start camera[0m
2026-05-25 16:18:09 - logGUI - INFO - init GUI[0m
2026-05-25 16:18:09 - logCamera - INFO - Init constructor RunCamera[0m
2026-05-25 16:18:10 - logCamera - INFO - Creating Thread in start camera[0m
2026-05-25 16:20:04 - logGUI - INFO - init GUI[0m
2026-05-25 16:20:04 - logCamera - INFO - Init constructor RunCamera[0m
2026-05-25 16:20:05 - logCamera - INFO - Creating Thread in start camera[0m
2026-05-25 16:21:31 - logGUI - INFO - init GUI[0m
2026-05-25 16:21:31 - logCamera - INFO - Init constructor RunCamera[0m
2026-05-25 16:21:32 - logCamera - INFO - Creating Thread in start camera[0m
